// Jest Snapshot v1, https://goo.gl/fbAQLP

exports[`my credentials screen should render properly and snapshot should match ios platform 1`] = `
<View
  style={
    Object {
      "flex": 1,
    }
  }
>
  <RNCSafeAreaProvider
    onInsetsChange={[Function]}
    style={
      Array [
        Object {
          "flex": 1,
        },
        undefined,
      ]
    }
  >
    <View
      pointerEvents="box-none"
      style={
        Array [
          Object {
            "zIndex": 1,
          },
          false,
        ]
      }
    >
      <View
        accessibilityElementsHidden={false}
        importantForAccessibility="auto"
        onLayout={[Function]}
        pointerEvents="box-none"
        style={null}
      >
        <View
          pointerEvents="box-none"
          style={
            Object {
              "bottom": 0,
              "left": 0,
              "opacity": 1,
              "position": "absolute",
              "right": 0,
              "top": 0,
              "zIndex": 0,
            }
          }
        >
          <View
            style={
              Object {
                "backgroundColor": "rgb(255, 255, 255)",
                "borderBottomColor": "rgb(224, 224, 224)",
                "flex": 1,
                "shadowColor": "rgb(224, 224, 224)",
                "shadowOffset": Object {
                  "height": 0.5,
                  "width": 0,
                },
                "shadowOpacity": 0.85,
                "shadowRadius": 0,
              }
            }
          />
        </View>
        <View
          pointerEvents="box-none"
          style={
            Object {
              "height": 64,
              "maxHeight": undefined,
              "minHeight": undefined,
              "opacity": undefined,
              "transform": undefined,
            }
          }
        >
          <View
            pointerEvents="none"
            style={
              Object {
                "height": 20,
              }
            }
          />
          <View
            pointerEvents="box-none"
            style={
              Object {
                "alignItems": "center",
                "flex": 1,
                "flexDirection": "row",
                "justifyContent": "center",
              }
            }
          >
            <View
              pointerEvents="box-none"
              style={
                Object {
                  "marginHorizontal": 16,
                  "opacity": 1,
                }
              }
            >
              <Text
                accessibilityRole="header"
                numberOfLines={1}
                onLayout={[Function]}
                style={
                  Object {
                    "color": "rgb(28, 28, 30)",
                    "fontSize": 17,
                    "fontWeight": "600",
                  }
                }
              >
                MockedScreen
              </Text>
            </View>
          </View>
        </View>
      </View>
    </View>
    <View
      onLayout={[Function]}
      style={
        Object {
          "flex": 1,
        }
      }
    >
      <View
        pointerEvents="box-none"
        style={
          Object {
            "bottom": 0,
            "left": 0,
            "position": "absolute",
            "right": 0,
            "top": 0,
          }
        }
      >
        <View
          accessibilityElementsHidden={false}
          closing={false}
          gestureVelocityImpact={0.3}
          importantForAccessibility="auto"
          onClose={[Function]}
          onGestureBegin={[Function]}
          onGestureCanceled={[Function]}
          onOpen={[Function]}
          onTransitionStart={[Function]}
          pointerEvents="box-none"
          style={
            Object {
              "bottom": 0,
              "left": 0,
              "position": "absolute",
              "right": 0,
              "top": 0,
            }
          }
          transitionSpec={
            Object {
              "close": Object {
                "animation": "spring",
                "config": Object {
                  "damping": 500,
                  "mass": 3,
                  "overshootClamping": true,
                  "restDisplacementThreshold": 10,
                  "restSpeedThreshold": 10,
                  "stiffness": 1000,
                },
              },
              "open": Object {
                "animation": "spring",
                "config": Object {
                  "damping": 500,
                  "mass": 3,
                  "overshootClamping": true,
                  "restDisplacementThreshold": 10,
                  "restSpeedThreshold": 10,
                  "stiffness": 1000,
                },
              },
            }
          }
        >
          <View
            pointerEvents="box-none"
            style={
              Object {
                "flex": 1,
                "opacity": 1,
              }
            }
          >
            <View
              enabled={false}
              hitSlop={
                Object {
                  "right": -270,
                }
              }
              maxDeltaY={20}
              minOffsetX={5}
              onHandlerStateChange={[Function]}
            >
              <View
                style={
                  Object {
                    "flex": 1,
                    "transform": Array [
                      Object {
                        "translateX": 0,
                      },
                      Object {
                        "translateX": 0,
                      },
                    ],
                  }
                }
              >
                <View
                  pointerEvents="none"
                  style={
                    Object {
                      "backgroundColor": "rgb(242, 242, 242)",
                      "bottom": 0,
                      "left": 0,
                      "position": "absolute",
                      "shadowColor": "#000",
                      "shadowOffset": Object {
                        "height": 1,
                        "width": -1,
                      },
                      "shadowOpacity": 0.3,
                      "shadowRadius": 5,
                      "top": 0,
                      "width": 3,
                    }
                  }
                />
                <View
                  style={
                    Array [
                      Object {
                        "flex": 1,
                        "overflow": "hidden",
                      },
                      Array [
                        Object {
                          "backgroundColor": "rgb(242, 242, 242)",
                        },
                        undefined,
                      ],
                    ]
                  }
                >
                  <View
                    style={
                      Object {
                        "flex": 1,
                        "flexDirection": "column-reverse",
                      }
                    }
                  >
                    <View
                      style={
                        Object {
                          "flex": 1,
                        }
                      }
                    >
                      <View
                        style={
                          Object {
                            "flex": 1,
                          }
                        }
                      >
                        <View
                          style={
                            Object {
                              "backgroundColor": "#FFFFFF",
                              "height": "100%",
                              "width": "100%",
                            }
                          }
                          testID="my-credentials-container"
                          accessibilityLabel="my-credentials-container"
                          accessible="true"
                        >
                          <RCTScrollView
                            contentContainerStyle={
                              Object {
                                "paddingTop": 71.47058823529412,
                              }
                            }
                            data={
                              Array [
                                Object {
                                  "attributesCount": 3,
                                  "claimUuid": "senderDID_1",
                                  "credentialName": "credential_name",
                                  "date": 1,
                                  "logoUrl": "https://logourl.com/logo.png",
                                },
                              ]
                            }
                            disableVirtualization={false}
                            getItem={[Function]}
                            getItemCount={[Function]}
                            horizontal={false}
                            initialNumToRender={10}
                            keyExtractor={[Function]}
                            maxToRenderPerBatch={10}
                            numColumns={1}
                            onContentSizeChange={[Function]}
                            onEndReachedThreshold={2}
                            onLayout={[Function]}
                            onMomentumScrollEnd={[Function]}
                            onScroll={[Function]}
                            onScrollBeginDrag={[Function]}
                            onScrollEndDrag={[Function]}
                            removeClippedSubviews={false}
                            renderItem={[Function]}
                            scrollEventThrottle={50}
                            stickyHeaderIndices={Array []}
                            style={
                              Object {
                                "backgroundColor": "#FFFFFF",
                                "height": "100%",
                                "width": "100%",
                              }
                            }
                            updateCellsBatchingPeriod={50}
                            viewabilityConfigCallbackPairs={Array []}
                            windowSize={21}
                          >
                            <View>
                              <View
                                onLayout={[Function]}
                                style={null}
                              >
                                <View
                                  accessible={true}
                                  focusable={false}
                                  isTVSelectable={true}
                                  onClick={[Function]}
                                  onResponderGrant={[Function]}
                                  onResponderMove={[Function]}
                                  onResponderRelease={[Function]}
                                  onResponderTerminate={[Function]}
                                  onResponderTerminationRequest={[Function]}
                                  onStartShouldSetResponder={[Function]}
                                  style={
                                    Object {
                                      "borderBottomColor": "#F2F2F2",
                                      "borderBottomWidth": 1,
                                      "flexDirection": "row",
                                      "height": 86.11428571428571,
                                      "opacity": 1,
                                      "width": "100%",
                                    }
                                  }
                                >
                                  <View
                                    style={
                                      Object {
                                        "alignItems": "center",
                                        "height": "100%",
                                        "paddingTop": 19.058823529411764,
                                        "width": 64,
                                      }
                                    }
                                  >
                                    <View
                                      accessibilityLabel="credential_name-avatar"
                                      accessible={true}
                                      imageShadow={null}
                                      style={
                                        Object {
                                          "borderRadius": 50,
                                        }
                                      }
                                      testID="credential_name-avatar"
                                    >
                                      <Image
                                        accessibilityLabel="credential_name-avatar-image"
                                        accessible={true}
                                        focusable={true}
                                        onClick={[Function]}
                                        onResponderGrant={[Function]}
                                        onResponderMove={[Function]}
                                        onResponderRelease={[Function]}
                                        onResponderTerminate={[Function]}
                                        onResponderTerminationRequest={[Function]}
                                        onStartShouldSetResponder={[Function]}
                                        source={
                                          Object {
                                            "uri": "https://logourl.com/logo.png",
                                          }
                                        }
                                        style={
                                          Array [
                                            Object {
                                              "height": 32,
                                              "width": 32,
                                            },
                                            Object {
                                              "borderRadius": 16,
                                            },
                                          ]
                                        }
                                        testID="credential_name-avatar-image"
                                      />
                                    </View>
                                  </View>
                                  <View
                                    style={
                                      Object {
                                        "flex": 1,
                                      }
                                    }
                                  >
                                    <View
                                      style={
                                        Object {
                                          "flex": 1,
                                          "flexDirection": "row",
                                          "height": "50%",
                                        }
                                      }
                                    >
                                      <View
                                        style={
                                          Object {
                                            "height": "100%",
                                            "justifyContent": "flex-end",
                                          }
                                        }
                                      >
                                        <Text
                                          ellipsizeMode="tail"
                                          numberOfLines={1}
                                          style={
                                            Object {
                                              "color": "#505050",
                                              "fontFamily": "Lato",
                                              "fontSize": 11.911764705882351,
                                              "fontWeight": "bold",
                                            }
                                          }
                                        >
                                          credential_name
                                        </Text>
                                      </View>
                                    </View>
                                    <View
                                      style={
                                        Object {
                                          "flex": 1,
                                          "height": "50%",
                                        }
                                      }
                                    >
                                      <View
                                        style={
                                          Object {
                                            "height": "100%",
                                            "width": "96%",
                                          }
                                        }
                                      >
                                        <Text
                                          ellipsizeMode="tail"
                                          numberOfLines={1}
                                          style={
                                            Object {
                                              "color": "#777777",
                                              "fontFamily": "Lato",
                                              "fontSize": 8.735294117647058,
                                            }
                                          }
                                        >
                                          3 attributes
                                        </Text>
                                      </View>
                                    </View>
                                  </View>
                                  <View
                                    style={
                                      Object {
                                        "alignItems": "flex-end",
                                        "flexDirection": "row",
                                        "height": "100%",
                                        "width": "32%",
                                      }
                                    }
                                  >
                                    <View
                                      style={
                                        Object {
                                          "alignItems": "center",
                                          "flexDirection": "row",
                                          "height": "100%",
                                          "justifyContent": "flex-end",
                                          "width": "85%",
                                        }
                                      }
                                    >
                                      <Text
                                        style={
                                          Object {
                                            "color": "#A5A5A5",
                                            "fontFamily": "Lato",
                                            "fontSize": 7.941176470588235,
                                            "fontStyle": "italic",
                                          }
                                        }
                                      >
                                        02/13/2009
                                      </Text>
                                    </View>
                                  </View>
                                </View>
                              </View>
                            </View>
                          </RCTScrollView>
                        </View>
                        <View
                          style={
                            Object {
                              "backgroundColor": "#FFFFFF",
                              "elevation": 0,
                              "flexDirection": "row",
                              "height": 71.47058823529412,
                              "position": "absolute",
                              "shadowColor": "#000000",
                              "shadowOffset": Object {
                                "height": 2,
                                "width": 0,
                              },
                              "shadowOpacity": 0.2,
                              "shadowRadius": 10,
                              "top": 0,
                              "width": "100%",
                              "zIndex": 1,
                            }
                          }
                        >
                          <View
                            accessibilityLabel="burger-menu"
                            accessible={true}
                            style={
                              Object {
                                "alignItems": "flex-end",
                                "flexDirection": "row",
                                "paddingBottom": 9.571428571428571,
                                "width": "15%",
                              }
                            }
                          >
                            <View
                              accessible={true}
                              focusable={true}
                              isTVSelectable={true}
                              onClick={[Function]}
                              onResponderGrant={[Function]}
                              onResponderMove={[Function]}
                              onResponderRelease={[Function]}
                              onResponderTerminate={[Function]}
                              onResponderTerminationRequest={[Function]}
                              onStartShouldSetResponder={[Function]}
                              style={
                                Object {
                                  "opacity": 1,
                                }
                              }
                              testID="burger-menu"
                            >
                              <RNSVGSvgView
                                align="xMidYMid"
                                bbHeight="30.628571428571426"
                                bbWidth="30.628571428571426"
                                focusable={false}
                                height="30.628571428571426"
                                meetOrSlice={0}
                                minX={0}
                                minY={0}
                                style={
                                  Array [
                                    Object {
                                      "backgroundColor": "transparent",
                                      "borderWidth": 0,
                                    },
                                    Object {
                                      "marginLeft": 14.357142857142858,
                                    },
                                    Object {
                                      "flex": 0,
                                      "height": 30,
                                      "width": 30,
                                    },
                                  ]
                                }
                                vbHeight={32}
                                vbWidth={32}
                                width="30.628571428571426"
                              >
                                <RNSVGGroup>
                                  <RNSVGPath
                                    d="M5.264 8H26.7347C27.4307 8 28 8.56933 28 9.26533V9.40133C28 10.0973 27.4307 10.6667 26.7347 10.6667H5.264C4.568 10.6667 4 10.0973 4 9.40133V9.26533C4 8.56933 4.568 8 5.264 8ZM26.7347 14.6667H5.264C4.568 14.6667 4 15.236 4 15.932V16.068C4 16.764 4.568 17.3333 5.264 17.3333H26.7347C27.4307 17.3333 28 16.764 28 16.068V15.932C28 15.236 27.4307 14.6667 26.7347 14.6667ZM26.7347 21.3333H5.264C4.568 21.3333 4 21.9027 4 22.5987V22.7347C4 23.4307 4.568 24 5.264 24H26.7347C27.4307 24 28 23.4307 28 22.7347V22.5987C28 21.9027 27.4307 21.3333 26.7347 21.3333Z"
                                    fill={4286019447}
                                    fillRule={0}
                                    propList={
                                      Array [
                                        "fill",
                                        "fillRule",
                                      ]
                                    }
                                  />
                                </RNSVGGroup>
                              </RNSVGSvgView>
                            </View>
                          </View>
                          <View
                            style={
                              Object {
                                "alignItems": "flex-end",
                                "flexDirection": "row",
                                "justifyContent": "center",
                                "paddingBottom": 14.357142857142858,
                                "width": "85%",
                              }
                            }
                          >
                            <Text
                              style={
                                Object {
                                  "color": "#777777",
                                  "fontFamily": "Lato",
                                  "fontSize": 21.057142857142857,
                                  "marginLeft": -47.85714285714286,
                                }
                              }
                            >
                              My Credentials
                            </Text>
                          </View>
                        </View>
                        <View
                          accessible={true}
                          focusable={true}
                          isTVSelectable={true}
                          onClick={[Function]}
                          onResponderGrant={[Function]}
                          onResponderMove={[Function]}
                          onResponderRelease={[Function]}
                          onResponderTerminate={[Function]}
                          onResponderTerminationRequest={[Function]}
                          onStartShouldSetResponder={[Function]}
                          style={
                            Object {
                              "alignItems": "center",
                              "backgroundColor": "#FFFFFF",
                              "borderRadius": 30,
                              "bottom": 20,
                              "elevation": 0,
                              "height": 31.199999999999996,
                              "justifyContent": "center",
                              "opacity": 1,
                              "position": "absolute",
                              "right": 20,
                              "shadowColor": "#000000",
                              "shadowOffset": Object {
                                "height": 2,
                                "width": 0,
                              },
                              "shadowOpacity": 0.5,
                              "shadowRadius": 5,
                              "width": 31.199999999999996,
                              "zIndex": 1000,
                            }
                          }
                        >
                          <RNSVGSvgView
                            align="xMidYMid"
                            bbHeight="21.057142857142857"
                            bbWidth="21.057142857142857"
                            focusable={false}
                            height="21.057142857142857"
                            meetOrSlice={0}
                            minX={0}
                            minY={0}
                            style={
                              Array [
                                Object {
                                  "backgroundColor": "transparent",
                                  "borderWidth": 0,
                                },
                                Object {
                                  "flex": 0,
                                  "height": 21,
                                  "width": 21,
                                },
                              ]
                            }
                            vbHeight={24}
                            vbWidth={24}
                            width="21.057142857142857"
                          >
                            <RNSVGGroup>
                              <RNSVGPath
                                d="M16.83 5H20C21.1 5 22 5.9 22 7V19C22 20.1 21.1 21 20 21H4C2.9 21 2 20.1 2 19V7C2 5.9 2.9 5 4 5H7.17L9 3H15L16.83 5ZM4 19H20V7H15.95L14.12 5H9.88L8.05 7H4V19ZM12 8C9.24 8 7 10.24 7 13C7 15.76 9.24 18 12 18C14.76 18 17 15.76 17 13C17 10.24 14.76 8 12 8ZM9 13C9 14.65 10.35 16 12 16C13.65 16 15 14.65 15 13C15 11.35 13.65 10 12 10C10.35 10 9 11.35 9 13Z"
                                fill={4286019447}
                                fillRule={0}
                                propList={
                                  Array [
                                    "fill",
                                    "fillRule",
                                  ]
                                }
                              />
                            </RNSVGGroup>
                          </RNSVGSvgView>
                          <Text
                            style={
                              Object {
                                "color": "#777777",
                                "fontFamily": "Lato",
                                "fontSize": 8.922857142857143,
                              }
                            }
                          >
                            Scan
                          </Text>
                        </View>
                      </View>
                    </View>
                  </View>
                </View>
              </View>
            </View>
          </View>
        </View>
      </View>
    </View>
  </RNCSafeAreaProvider>
</View>
`;
