// Jest Snapshot v1, https://goo.gl/fbAQLP

exports[`<WalletTabReceive /> should render properly and match the snapshot 1`] = `
<View
  style={
    Object {
      "flex": 1,
    }
  }
>
  <View
    style={
      Object {
        "flex": 1,
      }
    }
  >
    <View
      style={
        Object {
          "marginTop": 38,
        }
      }
    >
      <RCTScrollView
        scrollEnabled={false}
      >
        <View>
          <Text
            allowFontScaling={false}
            style={
              Array [
                Object {
                  "fontSize": 15,
                },
                Object {
                  "fontFamily": "Lato",
                },
                Object {
                  "backgroundColor": "#333333",
                  "color": "#ffffff",
                },
                Object {
                  "fontWeight": "bold",
                },
                Object {
                  "textAlign": "center",
                },
                Object {
                  "backgroundColor": "transparent",
                },
                Object {
                  "color": "rgba(237, 156, 46, 1)",
                },
                null,
                null,
                null,
                null,
                null,
                null,
                null,
                Object {
                  "letterSpacing": -0.38,
                  "lineHeight": 18,
                  "marginBottom": 20,
                  "paddingHorizontal": 16,
                },
              ]
            }
          >
            Your Sovrin token payment address is:
          </Text>
          <Text
            accessibilityLabel="sov:ksudgyi8f98gsih7655hgifuyg79s89s98ydf98fg7gks8fjhkss8f030"
            accessible={true}
            allowFontScaling={false}
            style={
              Array [
                Object {
                  "fontSize": 17,
                },
                Object {
                  "fontFamily": "Lato",
                },
                Object {
                  "backgroundColor": "#333333",
                  "color": "#ffffff",
                },
                null,
                Object {
                  "textAlign": "center",
                },
                Object {
                  "backgroundColor": "transparent",
                },
                null,
                null,
                Object {
                  "borderColor": "rgba(207, 127, 20, 1)",
                  "borderWidth": 2,
                },
                Object {
                  "color": "#333333",
                },
                null,
                null,
                null,
                null,
                Object {
                  "fontSize": 18,
                  "letterSpacing": -0.45,
                  "lineHeight": 24,
                  "marginLeft": 19,
                  "marginRight": 19,
                  "marginTop": 5,
                  "paddingBottom": 16,
                  "paddingLeft": 13,
                  "paddingRight": 13,
                  "paddingTop": 16,
                },
              ]
            }
            testID="token-payment-address"
          >
            sov:ksudgyi8f98gsih7655hgifuyg79s89s98ydf98fg7gks8fjhkss8f030
          </Text>
        </View>
      </RCTScrollView>
    </View>
  </View>
  <RCTSafeAreaView
    emulateUnlessSupported={true}
    safeArea={true}
    style={
      Object {
        "marginBottom": 6,
        "marginLeft": "5%",
        "marginRight": "5%",
      }
    }
  >
    <View
      style={
        Object {
          "borderRadius": 3,
          "marginLeft": 0,
          "marginRight": 0,
          "overflow": "hidden",
        }
      }
    >
      <View
        accessibilityLabel="token-copy-to-clipboard-label"
        accessibilityRole="button"
        accessibilityState={
          Object {
            "busy": false,
            "disabled": false,
          }
        }
        accessible={true}
        focusable={true}
        isTVSelectable={true}
        onClick={[Function]}
        onResponderGrant={[Function]}
        onResponderMove={[Function]}
        onResponderRelease={[Function]}
        onResponderTerminate={[Function]}
        onResponderTerminationRequest={[Function]}
        onStartShouldSetResponder={[Function]}
        style={
          Object {
            "backgroundColor": "rgba(237, 156, 46, 1)",
            "borderRadius": 5,
            "flex": -1,
            "height": 43,
            "opacity": 1,
          }
        }
        testID="token-copy-to-clipboard-label"
      >
        <View
          style={
            Object {
              "alignItems": "center",
              "backgroundColor": "#777777",
              "borderColor": "#2089dc",
              "borderRadius": 5,
              "borderWidth": 0,
              "color": "#ffffff",
              "flex": -1,
              "flexDirection": "row",
              "height": 43,
              "justifyContent": "center",
              "padding": 8,
              "textAlign": "center",
            }
          }
        >
          <Text
            style={
              Object {
                "color": "white",
                "fontSize": 18,
                "paddingBottom": 1,
                "paddingTop": 2,
                "textAlign": "center",
              }
            }
          >
            Copy Address To Clipboard
          </Text>
        </View>
      </View>
    </View>
  </RCTSafeAreaView>
</View>
`;
