// Jest Snapshot v1, https://goo.gl/fbAQLP

exports[`<QuestionScreenHeader /> should match snapshot 1`] = `
<View
  row={true}
  style={
    Object {
      "backgroundColor": "transparent",
      "flex": 1,
      "flexDirection": "row",
    }
  }
>
  <View
    accessible={true}
    focusable={true}
    hitSlop={
      Object {
        "bottom": 20,
        "left": 20,
        "right": 20,
        "top": 20,
      }
    }
    onClick={[Function]}
    onResponderGrant={[Function]}
    onResponderMove={[Function]}
    onResponderRelease={[Function]}
    onResponderTerminate={[Function]}
    onResponderTerminationRequest={[Function]}
    onStartShouldSetResponder={[Function]}
    style={
      Object {
        "flex": 1,
      }
    }
  />
  <View
    style={
      Object {
        "justifyContent": "flex-end",
        "marginBottom": 8,
      }
    }
  >
    <View
      style={
        Object {
          "backgroundColor": "#F2F2F2",
          "borderRadius": 6,
          "height": 6,
          "width": 51,
        }
      }
    />
  </View>
  <View
    accessible={true}
    focusable={true}
    hitSlop={
      Object {
        "bottom": 20,
        "left": 20,
        "right": 20,
        "top": 20,
      }
    }
    onClick={[Function]}
    onResponderGrant={[Function]}
    onResponderMove={[Function]}
    onResponderRelease={[Function]}
    onResponderTerminate={[Function]}
    onResponderTerminationRequest={[Function]}
    onStartShouldSetResponder={[Function]}
    style={
      Object {
        "flex": 1,
      }
    }
  />
</View>
`;
