// Jest Snapshot v1, https://goo.gl/fbAQLP

exports[`Eula screen should render properly and snapshot should match 1`] = `
<View
  fifth={true}
  style={
    Object {
      "backgroundColor": "#ffffff",
      "flex": 1,
    }
  }
>
  <View
    accessible={true}
    collapsable={false}
    focusable={true}
    nativeID="animatedComponent"
    onClick={[Function]}
    onResponderGrant={[Function]}
    onResponderMove={[Function]}
    onResponderRelease={[Function]}
    onResponderTerminate={[Function]}
    onResponderTerminationRequest={[Function]}
    onStartShouldSetResponder={[Function]}
    style={
      Object {
        "opacity": 1,
        "padding": 15.88235294117647,
        "position": "absolute",
        "right": 0,
        "top": 0,
        "zIndex": 900,
      }
    }
  >
    <View
      collapsable={false}
      nativeID="animatedComponent"
      style={
        Object {
          "transform": Array [
            Object {
              "scale": 1,
            },
          ],
        }
      }
    >
      <RNSVGSvgView
        align="xMidYMid"
        bbHeight={30.628571428571426}
        bbWidth={30.628571428571426}
        fill="#777777"
        focusable={false}
        height={30.628571428571426}
        meetOrSlice={0}
        minX={0}
        minY={0}
        style={
          Array [
            Object {
              "backgroundColor": "transparent",
              "borderWidth": 0,
            },
            Object {
              "flex": 0,
              "height": 30,
              "width": 30,
            },
          ]
        }
        vbHeight={24}
        vbWidth={24}
        width={30.628571428571426}
      >
        <RNSVGGroup
          fill={4286019447}
          propList={
            Array [
              "fill",
            ]
          }
        >
          <RNSVGGroup>
            <RNSVGGroup>
              <RNSVGRect
                height="24"
                opacity={0}
                width="24"
                x={0}
                y={0}
              />
              <RNSVGPath
                d="M18 15a3 3 0 0 0-2.1.86L8 12.34V12v-.33l7.9-3.53A3 3 0 1 0 15 6v.34L7.1 9.86a3 3 0 1 0 0 4.28l7.9 3.53V18a3 3 0 1 0 3-3zm0-10a1 1 0 1 1-1 1 1 1 0 0 1 1-1zM5 13a1 1 0 1 1 1-1 1 1 0 0 1-1 1zm13 6a1 1 0 1 1 1-1 1 1 0 0 1-1 1z"
              />
            </RNSVGGroup>
          </RNSVGGroup>
        </RNSVGGroup>
      </RNSVGSvgView>
    </View>
  </View>
  <RNCSafeAreaView
    edges={
      Array [
        "bottom",
      ]
    }
    style={
      Object {
        "backgroundColor": "rgba(119, 119, 119, 1.0)",
      }
    }
  >
    <View
      fifth={true}
      style={
        Object {
          "backgroundColor": "#ffffff",
        }
      }
    >
      <View
        row={true}
        style={
          Object {
            "flexDirection": "row",
          }
        }
      >
        <View
          style={
            Object {
              "flex": 1,
            }
          }
        >
          <View
            style={
              Array [
                Object {
                  "borderRadius": 3,
                  "overflow": "hidden",
                },
                Object {
                  "borderRadius": 3,
                },
                Object {
                  "marginLeft": 0,
                  "marginRight": 0,
                },
                false,
              ]
            }
          >
            <View
              accessibilityLabel="eula-deny"
              accessibilityRole="button"
              accessibilityState={
                Object {
                  "busy": false,
                  "disabled": false,
                }
              }
              accessible={true}
              collapsable={false}
              focusable={true}
              nativeID="animatedComponent"
              onClick={[Function]}
              onResponderGrant={[Function]}
              onResponderMove={[Function]}
              onResponderRelease={[Function]}
              onResponderTerminate={[Function]}
              onResponderTerminationRequest={[Function]}
              onStartShouldSetResponder={[Function]}
              style={
                Object {
                  "opacity": 1,
                }
              }
              testID="eula-deny"
            >
              <View
                style={
                  Object {
                    "alignItems": "center",
                    "backgroundColor": "rgba(119, 119, 119, 1.0)",
                    "borderColor": "#2089dc",
                    "borderRadius": 3,
                    "borderWidth": 0,
                    "color": "#ffffff",
                    "flexDirection": "row",
                    "justifyContent": "center",
                    "padding": 8,
                    "paddingVertical": 17,
                    "textAlign": "center",
                  }
                }
              >
                <Text
                  style={
                    Object {
                      "color": "white",
                      "fontSize": 18,
                      "paddingVertical": 1,
                      "textAlign": "center",
                    }
                  }
                >
                  Decline
                </Text>
              </View>
            </View>
          </View>
        </View>
        <View
          style={
            Object {
              "flex": 1,
            }
          }
        >
          <View
            style={
              Array [
                Object {
                  "borderRadius": 3,
                  "overflow": "hidden",
                },
                Object {
                  "borderRadius": 3,
                },
                Object {
                  "marginLeft": 0,
                  "marginRight": 0,
                },
                false,
              ]
            }
          >
            <View
              accessibilityLabel="eula-accept"
              accessibilityRole="button"
              accessibilityState={
                Object {
                  "busy": false,
                  "disabled": false,
                }
              }
              accessible={true}
              collapsable={false}
              focusable={true}
              nativeID="animatedComponent"
              onClick={[Function]}
              onResponderGrant={[Function]}
              onResponderMove={[Function]}
              onResponderRelease={[Function]}
              onResponderTerminate={[Function]}
              onResponderTerminationRequest={[Function]}
              onStartShouldSetResponder={[Function]}
              style={
                Object {
                  "borderColor": "#FFFFFF",
                  "borderLeftWidth": 0.5,
                  "opacity": 1,
                }
              }
              testID="eula-accept"
            >
              <View
                style={
                  Object {
                    "alignItems": "center",
                    "backgroundColor": "rgba(119, 119, 119, 1.0)",
                    "borderColor": "#FFFFFF",
                    "borderLeftWidth": 0.5,
                    "borderRadius": 3,
                    "borderWidth": 0,
                    "color": "#ffffff",
                    "flexDirection": "row",
                    "justifyContent": "center",
                    "padding": 8,
                    "paddingVertical": 17,
                    "textAlign": "center",
                  }
                }
              >
                <Text
                  style={
                    Object {
                      "color": "white",
                      "fontSize": 18,
                      "paddingVertical": 1,
                      "textAlign": "center",
                    }
                  }
                >
                  Accept
                </Text>
              </View>
            </View>
          </View>
        </View>
      </View>
    </View>
  </RNCSafeAreaView>
</View>
`;
