// Jest Snapshot v1, https://goo.gl/fbAQLP

exports[`Eula screen should render properly and snapshot should match 1`] = `
<View
  fifth={true}
  style={
    Object {
      "backgroundColor": "#ffffff",
      "flex": 1,
    }
  }
>
  <RNCSafeAreaView
    edges={
      Array [
        "bottom",
      ]
    }
    style={
      Object {
        "backgroundColor": "rgba(119, 119, 119, 1.0)",
      }
    }
  >
    <View
      fifth={true}
      style={
        Object {
          "backgroundColor": "#ffffff",
        }
      }
    >
      <View
        row={true}
        style={
          Object {
            "flexDirection": "row",
          }
        }
      >
        <View
          style={
            Object {
              "flex": 1,
            }
          }
        >
          <View
            style={
              Object {
                "borderRadius": 3,
                "marginLeft": 0,
                "marginRight": 0,
                "overflow": "hidden",
              }
            }
          >
            <View
              accessibilityLabel="eula-deny"
              accessibilityRole="button"
              accessibilityState={
                Object {
                  "busy": false,
                  "disabled": false,
                }
              }
              accessible={true}
              focusable={true}
              isTVSelectable={true}
              onClick={[Function]}
              onResponderGrant={[Function]}
              onResponderMove={[Function]}
              onResponderRelease={[Function]}
              onResponderTerminate={[Function]}
              onResponderTerminationRequest={[Function]}
              onStartShouldSetResponder={[Function]}
              style={
                Object {
                  "opacity": 1,
                }
              }
              testID="eula-deny"
            >
              <View
                style={
                  Object {
                    "alignItems": "center",
                    "backgroundColor": "rgba(119, 119, 119, 1.0)",
                    "borderColor": "#2089dc",
                    "borderRadius": 3,
                    "borderWidth": 0,
                    "color": "#ffffff",
                    "flexDirection": "row",
                    "justifyContent": "center",
                    "padding": 8,
                    "paddingVertical": 17,
                    "textAlign": "center",
                  }
                }
              >
                <Text
                  style={
                    Object {
                      "color": "white",
                      "fontSize": 18,
                      "paddingBottom": 1,
                      "paddingTop": 2,
                      "textAlign": "center",
                    }
                  }
                >
                  Decline
                </Text>
              </View>
            </View>
          </View>
        </View>
        <View
          style={
            Object {
              "flex": 1,
            }
          }
        >
          <View
            style={
              Object {
                "borderRadius": 3,
                "marginLeft": 0,
                "marginRight": 0,
                "overflow": "hidden",
              }
            }
          >
            <View
              accessibilityLabel="eula-accept"
              accessibilityRole="button"
              accessibilityState={
                Object {
                  "busy": false,
                  "disabled": false,
                }
              }
              accessible={true}
              focusable={true}
              isTVSelectable={true}
              onClick={[Function]}
              onResponderGrant={[Function]}
              onResponderMove={[Function]}
              onResponderRelease={[Function]}
              onResponderTerminate={[Function]}
              onResponderTerminationRequest={[Function]}
              onStartShouldSetResponder={[Function]}
              style={
                Object {
                  "borderColor": "#ffffff",
                  "borderLeftWidth": 0.5,
                  "opacity": 1,
                }
              }
              testID="eula-accept"
            >
              <View
                style={
                  Object {
                    "alignItems": "center",
                    "backgroundColor": "rgba(119, 119, 119, 1.0)",
                    "borderColor": "#ffffff",
                    "borderLeftWidth": 0.5,
                    "borderRadius": 3,
                    "borderWidth": 0,
                    "color": "#ffffff",
                    "flexDirection": "row",
                    "justifyContent": "center",
                    "padding": 8,
                    "paddingVertical": 17,
                    "textAlign": "center",
                  }
                }
              >
                <Text
                  style={
                    Object {
                      "color": "white",
                      "fontSize": 18,
                      "paddingBottom": 1,
                      "paddingTop": 2,
                      "textAlign": "center",
                    }
                  }
                >
                  Accept
                </Text>
              </View>
            </View>
          </View>
        </View>
      </View>
    </View>
  </RNCSafeAreaView>
</View>
`;
