// Jest Snapshot v1, https://goo.gl/fbAQLP

exports[`in-app-notification-store: actions should add notification to show 1`] = `
Object {
  "notification": Object {
    "identifier": "receiverPairwiseDID1",
    "messageId": "messageId1",
    "messageType": "proofReq",
    "senderDID": "senderDID1",
    "senderImage": "https://localhost/image.png",
    "senderName": "Anonymous",
    "text": "Test wants you to share Address",
    "title": "You received a PROOF REQUEST",
  },
}
`;
