// Jest Snapshot v1, https://goo.gl/fbAQLP

exports[`<HomeInstructions /> should match snapshot 1`] = `
<View
  accessibilityIgnoresInvertColors={true}
  style={
    Object {
      "alignItems": "center",
      "height": "100%",
      "justifyContent": "center",
      "width": "100%",
    }
  }
>
  <Image
    source={
      Object {
        "default": "RelativeImageStub",
      }
    }
    style={
      Array [
        Object {
          "bottom": 0,
          "left": 0,
          "position": "absolute",
          "right": 0,
          "top": 0,
        },
        Object {
          "height": "100%",
          "width": "100%",
        },
        undefined,
      ]
    }
  />
  <View
    style={
      Array [
        Object {
          "alignItems": "center",
          "height": "100%",
          "justifyContent": "center",
          "marginTop": -44.470588235294116,
          "width": "100%",
        },
      ]
    }
  >
    <View />
  </View>
</View>
`;

exports[`<HomeInstructions /> should match snapshot for test network 1`] = `
<View
  accessibilityIgnoresInvertColors={true}
  style={
    Object {
      "alignItems": "center",
      "height": "100%",
      "justifyContent": "center",
      "width": "100%",
    }
  }
>
  <Image
    source={
      Object {
        "default": "RelativeImageStub",
      }
    }
    style={
      Array [
        Object {
          "bottom": 0,
          "left": 0,
          "position": "absolute",
          "right": 0,
          "top": 0,
        },
        Object {
          "height": "100%",
          "width": "100%",
        },
        undefined,
      ]
    }
  />
  <View
    style={
      Array [
        Object {
          "alignItems": "center",
          "height": "100%",
          "justifyContent": "center",
          "marginTop": -44.470588235294116,
          "width": "100%",
        },
      ]
    }
  >
    <View />
  </View>
</View>
`;
