// Jest Snapshot v1, https://goo.gl/fbAQLP

exports[`<CredentialDetails /> should CredentialDetails render properly 1`] = `
<View
  style={
    Object {
      "backgroundColor": "#FFFFFF",
      "flex": 1,
    }
  }
>
  <View
    style={
      Object {
        "backgroundColor": "#FFFFFF",
        "elevation": 0,
        "flexDirection": "row",
        "height": 63.52941176470588,
        "paddingTop": 19.058823529411764,
        "shadowColor": "#000000",
        "shadowOffset": Object {
          "height": 2,
          "width": 0,
        },
        "shadowOpacity": 0.2,
        "shadowRadius": 10,
        "width": "100%",
        "zIndex": 1,
      }
    }
  >
    <View
      style={
        Object {
          "alignItems": "center",
          "flexDirection": "row",
          "width": "15%",
        }
      }
    >
      <View
        accessibilityLabel="back-arrow"
        accessible={true}
        focusable={true}
        isTVSelectable={true}
        onClick={[Function]}
        onResponderGrant={[Function]}
        onResponderMove={[Function]}
        onResponderRelease={[Function]}
        onResponderTerminate={[Function]}
        onResponderTerminationRequest={[Function]}
        onStartShouldSetResponder={[Function]}
        style={
          Object {
            "opacity": 1,
          }
        }
        testID="back-arrow-touchable"
      >
        <View
          style={
            Object {
              "transform": Array [
                Object {
                  "scale": 1,
                },
              ],
            }
          }
        >
          <RNSVGSvgView
            align="xMidYMid"
            bbHeight={30.628571428571426}
            bbWidth={30.628571428571426}
            fill="#777777"
            focusable={false}
            height={30.628571428571426}
            meetOrSlice={0}
            minX={0}
            minY={0}
            style={
              Array [
                Object {
                  "backgroundColor": "transparent",
                  "borderWidth": 0,
                },
                Object {
                  "marginBottom": 1.9142857142857141,
                  "marginLeft": 14.357142857142858,
                },
                Object {
                  "flex": 0,
                  "height": 30,
                  "width": 30,
                },
              ]
            }
            vbHeight={24}
            vbWidth={24}
            width={30.628571428571426}
          >
            <RNSVGGroup
              fill={4286019447}
              propList={
                Array [
                  "fill",
                ]
              }
            >
              <RNSVGGroup>
                <RNSVGGroup>
                  <RNSVGRect
                    height="24"
                    matrix={
                      Array [
                        6.123233995736766e-17,
                        1,
                        -1,
                        6.123233995736766e-17,
                        24,
                        0,
                      ]
                    }
                    opacity={0}
                    width="24"
                    x={0}
                    y={0}
                  />
                  <RNSVGPath
                    d="M13.83 19a1 1 0 0 1-.78-.37l-4.83-6a1 1 0 0 1 0-1.27l5-6a1 1 0 0 1 1.54 1.28L10.29 12l4.32 5.36a1 1 0 0 1-.78 1.64z"
                  />
                </RNSVGGroup>
              </RNSVGGroup>
            </RNSVGGroup>
          </RNSVGSvgView>
        </View>
      </View>
    </View>
    <View
      style={
        Object {
          "flexDirection": "row",
          "height": "100%",
          "marginEnd": 30.628571428571426,
          "marginStart": -7.657142857142857,
          "width": "65%",
        }
      }
    >
      <View
        accessibilityLabel="logo"
        accessible={true}
        style={
          Object {
            "alignItems": "center",
            "flexDirection": "row",
            "height": "100%",
            "marginLeft": 9.571428571428571,
            "marginRight": 5.742857142857143,
            "paddingBottom": 5.742857142857143,
            "width": "35%",
          }
        }
      />
      <View
        accessibilityLabel="Credential Details"
        accessible={true}
        style={
          Object {
            "alignItems": "center",
            "flexDirection": "row",
            "justifyContent": "flex-start",
            "width": "85%",
          }
        }
      >
        <Text
          ellipsizeMode="tail"
          numberOfLines={1}
          style={
            Array [
              Object {
                "color": "#777777",
                "fontFamily": "System",
                "fontSize": 21.057142857142857,
                "marginLeft": -47.85714285714286,
              },
              Object {
                "paddingRight": 19.142857142857142,
              },
            ]
          }
        >
          Credential Details
        </Text>
      </View>
    </View>
    <View
      style={
        Object {
          "alignItems": "center",
          "flexDirection": "row",
          "height": "100%",
          "justifyContent": "center",
          "width": "15%",
        }
      }
    >
      <View
        accessibilityLabel="three-dots"
        accessible={true}
        focusable={true}
        isTVSelectable={true}
        onClick={[Function]}
        onResponderGrant={[Function]}
        onResponderMove={[Function]}
        onResponderRelease={[Function]}
        onResponderTerminate={[Function]}
        onResponderTerminationRequest={[Function]}
        onStartShouldSetResponder={[Function]}
        style={
          Object {
            "opacity": 1,
          }
        }
        testID="three-dots"
      >
        <View
          style={
            Object {
              "transform": Array [
                Object {
                  "scale": 1,
                },
              ],
            }
          }
        >
          <RNSVGSvgView
            align="xMidYMid"
            bbHeight={30.628571428571426}
            bbWidth={30.628571428571426}
            fill="#777777"
            focusable={false}
            height={30.628571428571426}
            meetOrSlice={0}
            minX={0}
            minY={0}
            style={
              Array [
                Object {
                  "backgroundColor": "transparent",
                  "borderWidth": 0,
                },
                Object {
                  "flex": 0,
                  "height": 30,
                  "width": 30,
                },
              ]
            }
            vbHeight={24}
            vbWidth={24}
            width={30.628571428571426}
          >
            <RNSVGGroup
              fill={4286019447}
              propList={
                Array [
                  "fill",
                ]
              }
            >
              <RNSVGGroup>
                <RNSVGGroup>
                  <RNSVGRect
                    height="24"
                    matrix={
                      Array [
                        6.123233995736766e-17,
                        -1,
                        1,
                        6.123233995736766e-17,
                        0,
                        24,
                      ]
                    }
                    opacity={0}
                    width="24"
                    x={0}
                    y={0}
                  />
                  <RNSVGCircle
                    cx="12"
                    cy="12"
                    r="2"
                  />
                  <RNSVGCircle
                    cx="12"
                    cy="5"
                    r="2"
                  />
                  <RNSVGCircle
                    cx="12"
                    cy="19"
                    r="2"
                  />
                </RNSVGGroup>
              </RNSVGGroup>
            </RNSVGGroup>
          </RNSVGSvgView>
        </View>
      </View>
    </View>
  </View>
  <RCTScrollView>
    <View>
      <View
        style={
          Object {
            "borderBottomColor": "#505050",
            "borderBottomWidth": 0.7941176470588235,
            "marginEnd": 7.657142857142857,
            "marginStart": 7.657142857142857,
          }
        }
      >
        <Text
          style={
            Object {
              "color": "#777777",
              "fontFamily": "System",
              "fontSize": 11.911764705882351,
              "marginTop": 12.705882352941176,
              "textAlign": "center",
              "width": "100%",
            }
          }
        >
          Issued by
        </Text>
        <Text
          ellipsizeMode="tail"
          numberOfLines={2}
          onTextLayout={[Function]}
          style={
            Object {
              "color": "#505050",
              "fontFamily": "System",
              "fontSize": 11.911764705882351,
              "fontWeight": "bold",
              "marginEnd": 7.657142857142857,
              "marginStart": 7.657142857142857,
              "marginTop": 12.705882352941176,
              "textAlign": "center",
            }
          }
        >
          issuer_1
        </Text>
        <View
          style={
            Object {
              "alignItems": "center",
              "height": 96,
              "marginTop": 12.705882352941176,
              "width": "100%",
            }
          }
        >
          <View
            accessibilityLabel="sender-avatar"
            accessible={true}
            imageShadow={null}
            style={
              Object {
                "borderRadius": 50,
              }
            }
            testID="sender-avatar"
          >
            <Image
              accessibilityLabel="sender-avatar-image"
              accessible={true}
              focusable={true}
              onClick={[Function]}
              onResponderGrant={[Function]}
              onResponderMove={[Function]}
              onResponderRelease={[Function]}
              onResponderTerminate={[Function]}
              onResponderTerminationRequest={[Function]}
              onStartShouldSetResponder={[Function]}
              source={
                Object {
                  "uri": "https://robothash.com/logo.png",
                }
              }
              style={
                Array [
                  Object {
                    "height": 96,
                    "width": 96,
                  },
                  Object {
                    "borderRadius": 48,
                  },
                ]
              }
              testID="sender-avatar-image"
            />
          </View>
        </View>
        <View
          style={
            Object {
              "marginBottom": 9.529411764705882,
              "marginTop": 19.058823529411764,
              "width": "100%",
            }
          }
        >
          <Text
            ellipsizeMode="tail"
            numberOfLines={2}
            onTextLayout={[Function]}
            style={
              Object {
                "color": "#505050",
                "fontFamily": "System",
                "fontSize": 18.26470588235294,
                "marginEnd": 7.657142857142857,
                "marginStart": 7.657142857142857,
                "textAlign": "center",
              }
            }
          >
            credential_1
          </Text>
        </View>
      </View>
      <View
        style={
          Object {
            "marginTop": 3.176470588235294,
            "width": "100%",
          }
        }
      >
        <View
          style={
            Object {
              "flex": 1,
            }
          }
        >
          <View
            style={
              Object {
                "borderBottomColor": "#777777",
                "borderBottomWidth": 0.5,
                "flexDirection": "row",
                "marginLeft": "5%",
                "paddingBottom": 11.485714285714286,
                "paddingTop": 11.485714285714286,
                "width": "90%",
              }
            }
          >
            <View
              style={
                Object {
                  "width": "100%",
                }
              }
            >
              <View>
                <Text
                  ellipsizeMode="tail"
                  numberOfLines={2}
                  onTextLayout={[Function]}
                  style={
                    Object {
                      "color": "#A5A5A5",
                      "fontFamily": "System",
                      "fontSize": 10.323529411764705,
                      "marginBottom": 1.9142857142857141,
                      "textAlign": "left",
                      "width": "100%",
                    }
                  }
                >
                  attr_1
                </Text>
                <Text
                  ellipsizeMode="tail"
                  numberOfLines={2}
                  onTextLayout={[Function]}
                  style={
                    Object {
                      "color": "#505050",
                      "fontFamily": "System",
                      "fontSize": 16.271428571428572,
                      "fontWeight": "700",
                      "textAlign": "left",
                      "width": "100%",
                    }
                  }
                >
                  data_1
                </Text>
              </View>
            </View>
          </View>
          <View
            style={
              Object {
                "borderBottomColor": "#777777",
                "borderBottomWidth": 0.5,
                "flexDirection": "row",
                "marginLeft": "5%",
                "paddingBottom": 11.485714285714286,
                "paddingTop": 11.485714285714286,
                "width": "90%",
              }
            }
          >
            <View
              style={
                Object {
                  "width": "100%",
                }
              }
            >
              <View>
                <Text
                  ellipsizeMode="tail"
                  numberOfLines={2}
                  onTextLayout={[Function]}
                  style={
                    Object {
                      "color": "#A5A5A5",
                      "fontFamily": "System",
                      "fontSize": 10.323529411764705,
                      "marginBottom": 1.9142857142857141,
                      "textAlign": "left",
                      "width": "100%",
                    }
                  }
                >
                  attr_2
                </Text>
                <Text
                  ellipsizeMode="tail"
                  numberOfLines={2}
                  onTextLayout={[Function]}
                  style={
                    Object {
                      "color": "#505050",
                      "fontFamily": "System",
                      "fontSize": 16.271428571428572,
                      "fontWeight": "700",
                      "textAlign": "left",
                      "width": "100%",
                    }
                  }
                >
                  data_2
                </Text>
              </View>
            </View>
          </View>
          <View
            style={
              Object {
                "borderBottomColor": "#777777",
                "borderBottomWidth": 0.5,
                "flexDirection": "row",
                "marginLeft": "5%",
                "paddingBottom": 11.485714285714286,
                "paddingTop": 11.485714285714286,
                "width": "90%",
              }
            }
          >
            <View
              style={
                Object {
                  "width": "100%",
                }
              }
            >
              <View>
                <Text
                  ellipsizeMode="tail"
                  numberOfLines={2}
                  onTextLayout={[Function]}
                  style={
                    Object {
                      "color": "#A5A5A5",
                      "fontFamily": "System",
                      "fontSize": 10.323529411764705,
                      "marginBottom": 1.9142857142857141,
                      "textAlign": "left",
                      "width": "100%",
                    }
                  }
                >
                  attr_3
                </Text>
                <Text
                  ellipsizeMode="tail"
                  numberOfLines={2}
                  onTextLayout={[Function]}
                  style={
                    Object {
                      "color": "#505050",
                      "fontFamily": "System",
                      "fontSize": 16.271428571428572,
                      "fontWeight": "700",
                      "textAlign": "left",
                      "width": "100%",
                    }
                  }
                >
                  data_3
                </Text>
              </View>
            </View>
          </View>
        </View>
      </View>
    </View>
  </RCTScrollView>
</View>
`;
