// Jest Snapshot v1, https://goo.gl/fbAQLP

exports[`<CredentialDetails /> should CredentialDetails render properly 1`] = `
<View
  style={
    Object {
      "backgroundColor": "#FFFFFF",
      "flex": 1,
    }
  }
>
  <View
    style={
      Object {
        "backgroundColor": "#FFFFFF",
        "elevation": 0,
        "flexDirection": "row",
        "height": 63.52941176470588,
        "paddingTop": 19.058823529411764,
        "shadowColor": "#000000",
        "shadowOffset": Object {
          "height": 2,
          "width": 0,
        },
        "shadowOpacity": 0.2,
        "shadowRadius": 10,
        "width": "100%",
        "zIndex": 1,
      }
    }
  >
    <View
      style={
        Object {
          "alignItems": "center",
          "flexDirection": "row",
          "width": "15%",
        }
      }
    >
      <View
        accessibilityLabel="back-arrow"
        accessible={true}
        focusable={true}
        isTVSelectable={true}
        onClick={[Function]}
        onResponderGrant={[Function]}
        onResponderMove={[Function]}
        onResponderRelease={[Function]}
        onResponderTerminate={[Function]}
        onResponderTerminationRequest={[Function]}
        onStartShouldSetResponder={[Function]}
        style={
          Object {
            "opacity": 1,
          }
        }
        testID="back-arrow-touchable"
      >
        <View
          style={
            Object {
              "transform": Array [
                Object {
                  "scale": 1,
                },
              ],
            }
          }
        >
          <RNSVGSvgView
            align="xMidYMid"
            bbHeight={30.628571428571426}
            bbWidth={30.628571428571426}
            fill="#777777"
            focusable={false}
            height={30.628571428571426}
            meetOrSlice={0}
            minX={0}
            minY={0}
            style={
              Array [
                Object {
                  "backgroundColor": "transparent",
                  "borderWidth": 0,
                },
                Object {
                  "marginBottom": 1.9142857142857141,
                  "marginLeft": 14.357142857142858,
                },
                Object {
                  "flex": 0,
                  "height": 30,
                  "width": 30,
                },
              ]
            }
            vbHeight={24}
            vbWidth={24}
            width={30.628571428571426}
          >
            <RNSVGGroup
              fill={4286019447}
              propList={
                Array [
                  "fill",
                ]
              }
            >
              <RNSVGGroup>
                <RNSVGGroup>
                  <RNSVGRect
                    height="24"
                    matrix={
                      Array [
                        6.123233995736766e-17,
                        1,
                        -1,
                        6.123233995736766e-17,
                        24,
                        0,
                      ]
                    }
                    opacity={0}
                    width="24"
                    x={0}
                    y={0}
                  />
                  <RNSVGPath
                    d="M13.83 19a1 1 0 0 1-.78-.37l-4.83-6a1 1 0 0 1 0-1.27l5-6a1 1 0 0 1 1.54 1.28L10.29 12l4.32 5.36a1 1 0 0 1-.78 1.64z"
                  />
                </RNSVGGroup>
              </RNSVGGroup>
            </RNSVGGroup>
          </RNSVGSvgView>
        </View>
      </View>
    </View>
    <View
      style={
        Object {
          "flexDirection": "row",
          "height": "100%",
          "marginEnd": 30.628571428571426,
          "marginStart": -7.657142857142857,
          "width": "65%",
        }
      }
    >
      <View
        accessibilityLabel="logo"
        accessible={true}
        style={
          Object {
            "alignItems": "center",
            "flexDirection": "row",
            "height": "100%",
            "marginLeft": 9.571428571428571,
            "marginRight": 5.742857142857143,
            "paddingBottom": 5.742857142857143,
            "width": "35%",
          }
        }
      />
      <View
        accessibilityLabel="Credential Details"
        accessible={true}
        style={
          Object {
            "alignItems": "center",
            "flexDirection": "row",
            "justifyContent": "flex-start",
            "width": "85%",
          }
        }
      >
        <Text
          ellipsizeMode="tail"
          numberOfLines={1}
          style={
            Array [
              Object {
                "color": "#777777",
                "fontFamily": "System",
                "fontSize": 21.057142857142857,
                "marginLeft": -47.85714285714286,
              },
              Object {
                "paddingRight": 19.142857142857142,
              },
            ]
          }
        >
          Credential Details
        </Text>
      </View>
    </View>
    <View
      style={
        Object {
          "alignItems": "center",
          "flexDirection": "row",
          "height": "100%",
          "justifyContent": "center",
          "width": "15%",
        }
      }
    >
      <View
        accessibilityLabel="three-dots"
        accessible={true}
        focusable={true}
        isTVSelectable={true}
        onClick={[Function]}
        onResponderGrant={[Function]}
        onResponderMove={[Function]}
        onResponderRelease={[Function]}
        onResponderTerminate={[Function]}
        onResponderTerminationRequest={[Function]}
        onStartShouldSetResponder={[Function]}
        style={
          Object {
            "opacity": 1,
          }
        }
        testID="three-dots"
      >
        <View
          style={
            Object {
              "transform": Array [
                Object {
                  "scale": 1,
                },
              ],
            }
          }
        >
          <RNSVGSvgView
            align="xMidYMid"
            bbHeight={30.628571428571426}
            bbWidth={30.628571428571426}
            fill="#777777"
            focusable={false}
            height={30.628571428571426}
            meetOrSlice={0}
            minX={0}
            minY={0}
            style={
              Array [
                Object {
                  "backgroundColor": "transparent",
                  "borderWidth": 0,
                },
                Object {
                  "flex": 0,
                  "height": 30,
                  "width": 30,
                },
              ]
            }
            vbHeight={24}
            vbWidth={24}
            width={30.628571428571426}
          >
            <RNSVGGroup
              fill={4286019447}
              propList={
                Array [
                  "fill",
                ]
              }
            >
              <RNSVGGroup>
                <RNSVGGroup>
                  <RNSVGRect
                    height="24"
                    matrix={
                      Array [
                        6.123233995736766e-17,
                        -1,
                        1,
                        6.123233995736766e-17,
                        0,
                        24,
                      ]
                    }
                    opacity={0}
                    width="24"
                    x={0}
                    y={0}
                  />
                  <RNSVGCircle
                    cx="12"
                    cy="12"
                    r="2"
                  />
                  <RNSVGCircle
                    cx="12"
                    cy="5"
                    r="2"
                  />
                  <RNSVGCircle
                    cx="12"
                    cy="19"
                    r="2"
                  />
                </RNSVGGroup>
              </RNSVGGroup>
            </RNSVGGroup>
          </RNSVGSvgView>
        </View>
      </View>
    </View>
  </View>
  <RCTScrollView>
    <View>
      <View
        style={
          Object {
            "borderBottomColor": "#505050",
            "borderBottomWidth": 0.7941176470588235,
            "marginEnd": 7.657142857142857,
            "marginStart": 7.657142857142857,
          }
        }
      >
        <Text
          style={
            Object {
              "color": "#777777",
              "fontFamily": "System",
              "fontSize": 11.911764705882351,
              "marginTop": 12.705882352941176,
              "textAlign": "center",
              "width": "100%",
            }
          }
        >
          Issued by
        </Text>
        <Text
          ellipsizeMode="tail"
          numberOfLines={2}
          onTextLayout={[Function]}
          style={
            Object {
              "color": "#505050",
              "fontFamily": "System",
              "fontSize": 11.911764705882351,
              "fontWeight": "bold",
              "marginEnd": 7.657142857142857,
              "marginStart": 7.657142857142857,
              "marginTop": 12.705882352941176,
              "textAlign": "center",
            }
          }
        >
          issuer_1
        </Text>
        <View
          style={
            Object {
              "alignItems": "center",
              "height": 96,
              "marginTop": 12.705882352941176,
              "width": "100%",
            }
          }
        >
          <View
            accessibilityLabel="sender-avatar"
            accessible={true}
            imageShadow={null}
            style={
              Object {
                "borderRadius": 50,
              }
            }
            testID="sender-avatar"
          >
            <Image
              accessibilityLabel="sender-avatar-image"
              accessible={true}
              focusable={true}
              onClick={[Function]}
              onResponderGrant={[Function]}
              onResponderMove={[Function]}
              onResponderRelease={[Function]}
              onResponderTerminate={[Function]}
              onResponderTerminationRequest={[Function]}
              onStartShouldSetResponder={[Function]}
              source={
                Object {
                  "uri": "https://robothash.com/logo.png",
                }
              }
              style={
                Array [
                  Object {
                    "height": 96,
                    "width": 96,
                  },
                  Object {
                    "borderRadius": 48,
                  },
                ]
              }
              testID="sender-avatar-image"
            />
          </View>
        </View>
        <View
          style={
            Object {
              "marginBottom": 9.529411764705882,
              "marginTop": 19.058823529411764,
              "width": "100%",
            }
          }
        >
          <Text
            ellipsizeMode="tail"
            numberOfLines={2}
            onTextLayout={[Function]}
            style={
              Object {
                "color": "#505050",
                "fontFamily": "System",
                "fontSize": 18.26470588235294,
                "marginEnd": 7.657142857142857,
                "marginStart": 7.657142857142857,
                "textAlign": "center",
              }
            }
          >
            credential_1
          </Text>
        </View>
      </View>
      <View
        style={
          Object {
            "marginTop": 3.176470588235294,
            "width": "100%",
          }
        }
      >
        <View
          style={
            Object {
              "flex": 1,
            }
          }
        >
          <View
            style={
              Object {
                "borderBottomColor": "#777777",
                "borderBottomWidth": 0.5,
                "flexDirection": "row",
                "marginLeft": "5%",
                "paddingBottom": 11.485714285714286,
                "paddingTop": 11.485714285714286,
                "width": "90%",
              }
            }
          >
            <View
              style={
                Object {
                  "width": "100%",
                }
              }
            >
              <View
                style={
                  Object {
                    "paddingBottom": 9.571428571428571,
                    "width": "90%",
                  }
                }
              >
                <Text
                  ellipsizeMode="tail"
                  numberOfLines={2}
                  onTextLayout={[Function]}
                  style={
                    Array [
                      Object {
                        "color": "#A5A5A5",
                        "fontFamily": "System",
                        "fontSize": 11.117647058823529,
                        "lineHeight": 13.5,
                        "marginBottom": 1.9142857142857141,
                        "textAlign": "left",
                        "width": "100%",
                      },
                      undefined,
                    ]
                  }
                >
                  attr_1
                </Text>
                <Text
                  ellipsizeMode="tail"
                  numberOfLines={2}
                  onTextLayout={[Function]}
                  style={
                    Array [
                      Object {
                        "color": "#505050",
                        "fontFamily": "System",
                        "fontSize": 15.088235294117647,
                        "fontWeight": "700",
                        "lineHeight": 18.26470588235294,
                        "textAlign": "left",
                        "width": "100%",
                      },
                      undefined,
                    ]
                  }
                >
                  data_1
                </Text>
              </View>
            </View>
          </View>
          <View
            style={
              Object {
                "borderBottomColor": "#777777",
                "borderBottomWidth": 0.5,
                "flexDirection": "row",
                "marginLeft": "5%",
                "paddingBottom": 11.485714285714286,
                "paddingTop": 11.485714285714286,
                "width": "90%",
              }
            }
          >
            <View
              style={
                Object {
                  "width": "100%",
                }
              }
            >
              <View
                style={
                  Object {
                    "paddingBottom": 9.571428571428571,
                    "width": "90%",
                  }
                }
              >
                <Text
                  ellipsizeMode="tail"
                  numberOfLines={2}
                  onTextLayout={[Function]}
                  style={
                    Array [
                      Object {
                        "color": "#A5A5A5",
                        "fontFamily": "System",
                        "fontSize": 11.117647058823529,
                        "lineHeight": 13.5,
                        "marginBottom": 1.9142857142857141,
                        "textAlign": "left",
                        "width": "100%",
                      },
                      undefined,
                    ]
                  }
                >
                  attr_2
                </Text>
                <Text
                  ellipsizeMode="tail"
                  numberOfLines={2}
                  onTextLayout={[Function]}
                  style={
                    Array [
                      Object {
                        "color": "#505050",
                        "fontFamily": "System",
                        "fontSize": 15.088235294117647,
                        "fontWeight": "700",
                        "lineHeight": 18.26470588235294,
                        "textAlign": "left",
                        "width": "100%",
                      },
                      undefined,
                    ]
                  }
                >
                  data_2
                </Text>
              </View>
            </View>
          </View>
          <View
            style={
              Object {
                "borderBottomColor": "#777777",
                "borderBottomWidth": 0.5,
                "flexDirection": "row",
                "marginLeft": "5%",
                "paddingBottom": 11.485714285714286,
                "paddingTop": 11.485714285714286,
                "width": "90%",
              }
            }
          >
            <View
              style={
                Object {
                  "width": "100%",
                }
              }
            >
              <View
                style={
                  Object {
                    "paddingBottom": 9.571428571428571,
                    "width": "90%",
                  }
                }
              >
                <Text
                  ellipsizeMode="tail"
                  numberOfLines={2}
                  onTextLayout={[Function]}
                  style={
                    Array [
                      Object {
                        "color": "#A5A5A5",
                        "fontFamily": "System",
                        "fontSize": 11.117647058823529,
                        "lineHeight": 13.5,
                        "marginBottom": 1.9142857142857141,
                        "textAlign": "left",
                        "width": "100%",
                      },
                      undefined,
                    ]
                  }
                >
                  attr_3
                </Text>
                <Text
                  ellipsizeMode="tail"
                  numberOfLines={2}
                  onTextLayout={[Function]}
                  style={
                    Array [
                      Object {
                        "color": "#505050",
                        "fontFamily": "System",
                        "fontSize": 15.088235294117647,
                        "fontWeight": "700",
                        "lineHeight": 18.26470588235294,
                        "textAlign": "left",
                        "width": "100%",
                      },
                      undefined,
                    ]
                  }
                >
                  data_3
                </Text>
              </View>
            </View>
          </View>
        </View>
      </View>
    </View>
  </RCTScrollView>
  <View
    accessible={true}
    focusable={true}
    isTVSelectable={true}
    onClick={[Function]}
    onResponderGrant={[Function]}
    onResponderMove={[Function]}
    onResponderRelease={[Function]}
    onResponderTerminate={[Function]}
    onResponderTerminationRequest={[Function]}
    onStartShouldSetResponder={[Function]}
    style={
      Object {
        "alignItems": "center",
        "backgroundColor": "#86B93B",
        "borderRadius": 5,
        "flexDirection": "row",
        "justifyContent": "center",
        "marginBottom": 15.314285714285713,
        "marginLeft": "3%",
        "minWidth": "35%",
        "opacity": 1,
        "padding": 16.271428571428572,
        "paddingHorizontal": 9.571428571428571,
        "width": "94%",
      }
    }
  >
    <Text
      style={
        Object {
          "color": "#FFFFFF",
          "fontFamily": "System",
          "fontSize": 15.088235294117647,
          "fontWeight": "700",
        }
      }
    >
      Show
    </Text>
    <RNSVGSvgView
      align="xMidYMid"
      bbHeight="24"
      bbWidth="44"
      focusable={false}
      height="24"
      meetOrSlice={0}
      minX={0}
      minY={0}
      style={
        Array [
          Object {
            "backgroundColor": "transparent",
            "borderWidth": 0,
          },
          Object {
            "position": "absolute",
            "right": 10,
          },
          Object {
            "flex": 0,
            "height": 24,
            "width": 44,
          },
        ]
      }
      vbHeight={24}
      vbWidth={24}
      width="44"
    >
      <RNSVGGroup>
        <RNSVGGroup
          fill={4278190080}
          fillRule={0}
          propList={
            Array [
              "fill",
              "fillRule",
            ]
          }
        >
          <RNSVGPath
            clipRule={0}
            d="M15 17.8379L13.144 12.2709L18.712 6.7019L15 17.8379ZM17.298 5.2879L11.73 10.8559L6.162 8.9999L17.298 5.2879ZM21.99 2.9479C21.985 2.8549 21.968 2.7649 21.937 2.6779C21.927 2.6469 21.916 2.6169 21.902 2.5869C21.854 2.4799 21.793 2.3789 21.707 2.2929C21.621 2.2069 21.52 2.1459 21.412 2.0979C21.383 2.0839 21.354 2.0729 21.323 2.0629C21.234 2.0319 21.143 2.0139 21.048 2.0089C21.026 2.0079 21.006 2.0029 20.983 2.0029C20.883 2.0049 20.782 2.0189 20.684 2.0509L2.684 8.0509C2.275 8.1879 2 8.5689 2 8.9999C2 9.4309 2.275 9.8129 2.684 9.9489L11.209 12.7909L14.052 21.3169C14.188 21.7249 14.569 21.9999 15 21.9999C15.431 21.9999 15.812 21.7249 15.948 21.3169L21.948 3.3169C21.98 3.2179 21.995 3.1179 21.996 3.0179C21.997 2.9939 21.991 2.9719 21.99 2.9479Z"
            fill={4294967295}
            fillRule={0}
            name="Mask"
            propList={
              Array [
                "fill",
                "fillRule",
              ]
            }
          />
          <RNSVGMask
            height="20"
            maskContentUnits={1}
            maskTransform={
              Array [
                1,
                0,
                -0,
                1,
                2,
                2,
              ]
            }
            maskUnits={1}
            name="mask0"
            width="20"
            x="2"
            y="2"
          >
            <RNSVGPath
              clipRule={0}
              d="M15 17.8379L13.144 12.2709L18.712 6.7019L15 17.8379ZM17.298 5.2879L11.73 10.8559L6.162 8.9999L17.298 5.2879ZM21.99 2.9479C21.985 2.8549 21.968 2.7649 21.937 2.6779C21.927 2.6469 21.916 2.6169 21.902 2.5869C21.854 2.4799 21.793 2.3789 21.707 2.2929C21.621 2.2069 21.52 2.1459 21.412 2.0979C21.383 2.0839 21.354 2.0729 21.323 2.0629C21.234 2.0319 21.143 2.0139 21.048 2.0089C21.026 2.0079 21.006 2.0029 20.983 2.0029C20.883 2.0049 20.782 2.0189 20.684 2.0509L2.684 8.0509C2.275 8.1879 2 8.5689 2 8.9999C2 9.4309 2.275 9.8129 2.684 9.9489L11.209 12.7909L14.052 21.3169C14.188 21.7249 14.569 21.9999 15 21.9999C15.431 21.9999 15.812 21.7249 15.948 21.3169L21.948 3.3169C21.98 3.2179 21.995 3.1179 21.996 3.0179C21.997 2.9939 21.991 2.9719 21.99 2.9479Z"
              fill={4294967295}
              fillRule={0}
              name="Mask_2"
              propList={
                Array [
                  "fill",
                  "fillRule",
                ]
              }
            />
          </RNSVGMask>
          <RNSVGGroup
            mask="mask0"
          >
            <RNSVGGroup>
              <RNSVGRect
                fill={4294967295}
                height="24"
                name="Base"
                propList={
                  Array [
                    "fill",
                  ]
                }
                width="24"
                x={0}
                y={0}
              />
            </RNSVGGroup>
          </RNSVGGroup>
        </RNSVGGroup>
      </RNSVGGroup>
    </RNSVGSvgView>
  </View>
</View>
`;
